#-----------------------------------------------------------
# Vivado v2021.1 (64-bit)
# SW Build 3247384 on Thu Jun 10 19:36:33 MDT 2021
# IP Build 3246043 on Fri Jun 11 00:30:35 MDT 2021
# Start of session at: Fri Sep  3 10:15:55 2021
# Process ID: 5284
# Current directory: F:/Boards/mz7x/fdma_dbuf_lwip_daq4225/zu_prj/uisrc/03_ip/uifdmadbuf/project_1
# Command line: vivado.exe -gui_launcher_event rodinguilauncherevent1716 F:\Boards\mz7x\fdma_dbuf_lwip_daq4225\zu_prj\uisrc\03_ip\uifdmadbuf\project_1\project_1.xpr
# Log file: F:/Boards/mz7x/fdma_dbuf_lwip_daq4225/zu_prj/uisrc/03_ip/uifdmadbuf/project_1/vivado.log
# Journal file: F:/Boards/mz7x/fdma_dbuf_lwip_daq4225/zu_prj/uisrc/03_ip/uifdmadbuf/project_1\vivado.jou
#-----------------------------------------------------------
start_gui
open_project F:/Boards/mz7x/fdma_dbuf_lwip_daq4225/zu_prj/uisrc/03_ip/uifdmadbuf/project_1/project_1.xpr
update_compile_order -fileset sources_1
reset_run synth_1
launch_runs synth_1 -jobs 8
wait_on_run synth_1
reset_run synth_1
launch_runs synth_1 -jobs 8
wait_on_run synth_1
ipx::open_ipxact_file {F:\boards\mz7x\fdma_dbuf_lwip_daq4225\zu_prj\uisrc\03_ip\uifdmadbuf\component.xml}
ipx::merge_project_changes ports [ipx::current_core]
set_property widget {hexEdit} [ipgui::get_guiparamspec -name "W_BASEADDR" -component [ipx::current_core] ]
set_property value 0x10000000 [ipx::get_user_parameters W_BASEADDR -of_objects [ipx::current_core]]
set_property value 0x10000000 [ipx::get_hdl_parameters W_BASEADDR -of_objects [ipx::current_core]]
set_property widget {hexEdit} [ipgui::get_guiparamspec -name "R_BASEADDR" -component [ipx::current_core] ]
set_property value 0x10000000 [ipx::get_user_parameters R_BASEADDR -of_objects [ipx::current_core]]
set_property value 0x10000000 [ipx::get_hdl_parameters R_BASEADDR -of_objects [ipx::current_core]]
set_property widget {textEdit} [ipgui::get_guiparamspec -name "W_BASEADDR" -component [ipx::current_core] ]
set_property value 0 [ipx::get_user_parameters W_BASEADDR -of_objects [ipx::current_core]]
set_property value 0 [ipx::get_hdl_parameters W_BASEADDR -of_objects [ipx::current_core]]
set_property value_format long [ipx::get_user_parameters W_BASEADDR -of_objects [ipx::current_core]]
set_property value_format long [ipx::get_hdl_parameters W_BASEADDR -of_objects [ipx::current_core]]
set_property value_bit_string_length 0 [ipx::get_user_parameters W_BASEADDR -of_objects [ipx::current_core]]
set_property widget {textEdit} [ipgui::get_guiparamspec -name "R_BASEADDR" -component [ipx::current_core] ]
set_property value 0 [ipx::get_user_parameters R_BASEADDR -of_objects [ipx::current_core]]
set_property value 0 [ipx::get_hdl_parameters R_BASEADDR -of_objects [ipx::current_core]]
set_property value_format long [ipx::get_user_parameters R_BASEADDR -of_objects [ipx::current_core]]
set_property value_format long [ipx::get_hdl_parameters R_BASEADDR -of_objects [ipx::current_core]]
set_property value_bit_string_length 0 [ipx::get_user_parameters R_BASEADDR -of_objects [ipx::current_core]]
set_property widget {hexEdit} [ipgui::get_guiparamspec -name "W_BASEADDR" -component [ipx::current_core] ]
set_property value 0x10000000 [ipx::get_user_parameters W_BASEADDR -of_objects [ipx::current_core]]
set_property value 0x10000000 [ipx::get_hdl_parameters W_BASEADDR -of_objects [ipx::current_core]]
set_property value_bit_string_length 32 [ipx::get_user_parameters W_BASEADDR -of_objects [ipx::current_core]]
set_property value_bit_string_length 32 [ipx::get_hdl_parameters W_BASEADDR -of_objects [ipx::current_core]]
set_property value_format bitString [ipx::get_user_parameters W_BASEADDR -of_objects [ipx::current_core]]
set_property value_format bitString [ipx::get_hdl_parameters W_BASEADDR -of_objects [ipx::current_core]]
set_property widget {hexEdit} [ipgui::get_guiparamspec -name "R_BASEADDR" -component [ipx::current_core] ]
set_property value 0x10000000 [ipx::get_user_parameters R_BASEADDR -of_objects [ipx::current_core]]
set_property value 0x10000000 [ipx::get_hdl_parameters R_BASEADDR -of_objects [ipx::current_core]]
set_property value_bit_string_length 32 [ipx::get_user_parameters R_BASEADDR -of_objects [ipx::current_core]]
set_property value_bit_string_length 32 [ipx::get_hdl_parameters R_BASEADDR -of_objects [ipx::current_core]]
set_property value_format bitString [ipx::get_user_parameters R_BASEADDR -of_objects [ipx::current_core]]
set_property value_format bitString [ipx::get_hdl_parameters R_BASEADDR -of_objects [ipx::current_core]]
set_property core_revision 2 [ipx::current_core]
ipx::create_xgui_files [ipx::current_core]
ipx::update_checksums [ipx::current_core]
ipx::check_integrity [ipx::current_core]
ipx::save_core [ipx::current_core]
update_ip_catalog -rebuild -repo_path f:/Boards/mz7x/fdma_dbuf_lwip_daq4225/zu_prj/uisrc/03_ip/uifdmadbuf
ipgui::add_group -name {optinal} -component [ipx::current_core] -parent [ipgui::get_pagespec -name "Page 0" -component [ipx::current_core] ] -display_name {optinal} -layout {horizontal}
ipgui::move_param -component [ipx::current_core] -order 0 [ipgui::get_guiparamspec -name "AXI_Lite" -component [ipx::current_core]] -parent [ipgui::get_groupspec -name "optinal" -component [ipx::current_core]]
ipgui::move_param -component [ipx::current_core] -order 1 [ipgui::get_guiparamspec -name "ENABLE_READ" -component [ipx::current_core]] -parent [ipgui::get_groupspec -name "optinal" -component [ipx::current_core]]
ipgui::move_param -component [ipx::current_core] -order 2 [ipgui::get_guiparamspec -name "ENABLE_WRITE" -component [ipx::current_core]] -parent [ipgui::get_groupspec -name "optinal" -component [ipx::current_core]]
ipgui::move_param -component [ipx::current_core] -order 3 [ipgui::get_guiparamspec -name "VIDEO_ENABLE" -component [ipx::current_core]] -parent [ipgui::get_groupspec -name "optinal" -component [ipx::current_core]]
ipgui::add_group -name {axi settings} -component [ipx::current_core] -parent [ipgui::get_pagespec -name "Page 0" -component [ipx::current_core] ] -display_name {axi settings} -layout {horizontal}
ipgui::move_param -component [ipx::current_core] -order 0 [ipgui::get_guiparamspec -name "AXI_ADDR_WIDTH" -component [ipx::current_core]] -parent [ipgui::get_groupspec -name "axi settings" -component [ipx::current_core]]
ipgui::move_param -component [ipx::current_core] -order 1 [ipgui::get_guiparamspec -name "AXI_DATA_WIDTH" -component [ipx::current_core]] -parent [ipgui::get_groupspec -name "axi settings" -component [ipx::current_core]]
ipgui::add_group -name {read settings} -component [ipx::current_core] -parent [ipgui::get_pagespec -name "Page 0" -component [ipx::current_core] ] -display_name {read settings}
ipgui::move_param -component [ipx::current_core] -order 0 [ipgui::get_guiparamspec -name "R_BASEADDR" -component [ipx::current_core]] -parent [ipgui::get_groupspec -name "read settings" -component [ipx::current_core]]
ipgui::move_param -component [ipx::current_core] -order 1 [ipgui::get_guiparamspec -name "R_BUFDEPTH" -component [ipx::current_core]] -parent [ipgui::get_groupspec -name "read settings" -component [ipx::current_core]]
ipgui::move_param -component [ipx::current_core] -order 2 [ipgui::get_guiparamspec -name "R_BUFSIZE" -component [ipx::current_core]] -parent [ipgui::get_groupspec -name "read settings" -component [ipx::current_core]]
ipgui::move_param -component [ipx::current_core] -order 3 [ipgui::get_guiparamspec -name "R_DATAWIDTH" -component [ipx::current_core]] -parent [ipgui::get_groupspec -name "read settings" -component [ipx::current_core]]
ipgui::move_param -component [ipx::current_core] -order 4 [ipgui::get_guiparamspec -name "R_DSIZEBITS" -component [ipx::current_core]] -parent [ipgui::get_groupspec -name "read settings" -component [ipx::current_core]]
ipgui::move_param -component [ipx::current_core] -order 5 [ipgui::get_guiparamspec -name "R_XDIV" -component [ipx::current_core]] -parent [ipgui::get_groupspec -name "read settings" -component [ipx::current_core]]
ipgui::move_param -component [ipx::current_core] -order 6 [ipgui::get_guiparamspec -name "R_XSIZE" -component [ipx::current_core]] -parent [ipgui::get_groupspec -name "read settings" -component [ipx::current_core]]
ipgui::move_param -component [ipx::current_core] -order 7 [ipgui::get_guiparamspec -name "R_XSTRIDE" -component [ipx::current_core]] -parent [ipgui::get_groupspec -name "read settings" -component [ipx::current_core]]
ipgui::move_param -component [ipx::current_core] -order 8 [ipgui::get_guiparamspec -name "R_YSIZE" -component [ipx::current_core]] -parent [ipgui::get_groupspec -name "read settings" -component [ipx::current_core]]
ipgui::add_group -name {write settings} -component [ipx::current_core] -parent [ipgui::get_pagespec -name "Page 0" -component [ipx::current_core] ] -display_name {write settings}
ipgui::move_param -component [ipx::current_core] -order 0 [ipgui::get_guiparamspec -name "W_BASEADDR" -component [ipx::current_core]] -parent [ipgui::get_groupspec -name "write settings" -component [ipx::current_core]]
ipgui::move_param -component [ipx::current_core] -order 1 [ipgui::get_guiparamspec -name "W_BUFDEPTH" -component [ipx::current_core]] -parent [ipgui::get_groupspec -name "write settings" -component [ipx::current_core]]
ipgui::move_param -component [ipx::current_core] -order 2 [ipgui::get_guiparamspec -name "W_BUFSIZE" -component [ipx::current_core]] -parent [ipgui::get_groupspec -name "write settings" -component [ipx::current_core]]
ipgui::move_param -component [ipx::current_core] -order 3 [ipgui::get_guiparamspec -name "W_DATAWIDTH" -component [ipx::current_core]] -parent [ipgui::get_groupspec -name "write settings" -component [ipx::current_core]]
ipgui::move_param -component [ipx::current_core] -order 4 [ipgui::get_guiparamspec -name "W_DSIZEBITS" -component [ipx::current_core]] -parent [ipgui::get_groupspec -name "write settings" -component [ipx::current_core]]
ipgui::move_param -component [ipx::current_core] -order 5 [ipgui::get_guiparamspec -name "W_XDIV" -component [ipx::current_core]] -parent [ipgui::get_groupspec -name "write settings" -component [ipx::current_core]]
ipgui::move_param -component [ipx::current_core] -order 6 [ipgui::get_guiparamspec -name "W_XSIZE" -component [ipx::current_core]] -parent [ipgui::get_groupspec -name "write settings" -component [ipx::current_core]]
ipgui::move_param -component [ipx::current_core] -order 7 [ipgui::get_guiparamspec -name "W_XSTRIDE" -component [ipx::current_core]] -parent [ipgui::get_groupspec -name "write settings" -component [ipx::current_core]]
ipgui::move_param -component [ipx::current_core] -order 8 [ipgui::get_guiparamspec -name "W_YSIZE" -component [ipx::current_core]] -parent [ipgui::get_groupspec -name "write settings" -component [ipx::current_core]]
ipgui::move_group -component [ipx::current_core] -order 2 [ipgui::get_groupspec -name "write settings" -component [ipx::current_core]]
ipgui::add_group -name {buf settings} -component [ipx::current_core] -parent [ipgui::get_pagespec -name "Page 0" -component [ipx::current_core] ] -display_name {buf settings} -layout {horizontal}
ipgui::move_group -component [ipx::current_core] -order 0 [ipgui::get_groupspec -name "write settings" -component [ipx::current_core]] -parent [ipgui::get_groupspec -name "buf settings" -component [ipx::current_core]]
ipgui::move_group -component [ipx::current_core] -order 1 [ipgui::get_groupspec -name "read settings" -component [ipx::current_core]] -parent [ipgui::get_groupspec -name "buf settings" -component [ipx::current_core]]
ipgui::move_param -component [ipx::current_core] -order 0 [ipgui::get_guiparamspec -name "W_BUFDEPTH" -component [ipx::current_core]]
ipgui::move_param -component [ipx::current_core] -order 0 [ipgui::get_guiparamspec -name "R_BUFDEPTH" -component [ipx::current_core]]
ipgui::move_param -component [ipx::current_core] -order 3 [ipgui::get_guiparamspec -name "R_DSIZEBITS" -component [ipx::current_core]]
ipgui::move_param -component [ipx::current_core] -order 2 [ipgui::get_guiparamspec -name "R_DSIZEBITS" -component [ipx::current_core]]
ipgui::move_param -component [ipx::current_core] -order 3 [ipgui::get_guiparamspec -name "W_DSIZEBITS" -component [ipx::current_core]]
ipgui::move_param -component [ipx::current_core] -order 2 [ipgui::get_guiparamspec -name "W_DSIZEBITS" -component [ipx::current_core]]
set_property core_revision 3 [ipx::current_core]
ipx::create_xgui_files [ipx::current_core]
ipx::update_checksums [ipx::current_core]
ipx::check_integrity [ipx::current_core]
ipx::save_core [ipx::current_core]
update_ip_catalog -rebuild -repo_path f:/Boards/mz7x/fdma_dbuf_lwip_daq4225/zu_prj/uisrc/03_ip/uifdmadbuf
set_property version 3.0 [ipx::current_core]
set_property display_name uifdma_dbuf_v3_0 [ipx::current_core]
set_property description uifdma_dbuf_v3_0 [ipx::current_core]
set_property core_revision 4 [ipx::current_core]
ipx::create_xgui_files [ipx::current_core]
ipx::update_checksums [ipx::current_core]
ipx::check_integrity [ipx::current_core]
ipx::save_core [ipx::current_core]
update_ip_catalog -rebuild -repo_path f:/Boards/mz7x/fdma_dbuf_lwip_daq4225/zu_prj/uisrc/03_ip/uifdmadbuf
ipgui::move_param -component [ipx::current_core] -order 2 [ipgui::get_guiparamspec -name "VIDEO_ENABLE" -component [ipx::current_core]]
ipgui::move_param -component [ipx::current_core] -order 1 [ipgui::get_guiparamspec -name "VIDEO_ENABLE" -component [ipx::current_core]]
ipgui::move_param -component [ipx::current_core] -order 2 [ipgui::get_guiparamspec -name "ENABLE_WRITE" -component [ipx::current_core]]
set_property core_revision 5 [ipx::current_core]
ipx::create_xgui_files [ipx::current_core]
ipx::update_checksums [ipx::current_core]
ipx::check_integrity [ipx::current_core]
ipx::save_core [ipx::current_core]
update_ip_catalog -rebuild -repo_path f:/Boards/mz7x/fdma_dbuf_lwip_daq4225/zu_prj/uisrc/03_ip/uifdmadbuf
open_hw_manager
connect_hw_server -allow_non_jtag
